Microsoft (R) Macro Assembler Version 14.15.26726.0	    10/30/18 09:27:00
ABC.asm							     Page 1 - 1


				; CIS-261 Lab exercise M01
				; ABC.asm
				; Empty program that reserves 3 bytes of memory
				; in the data segment.

				.386                ; Tells MASM to use Intel 80386 instruction set.
				.MODEL FLAT         ; Flat memory model
				option casemap:none ; Treat labels as case-sensitive

 00000000			.CONST          ; Constant data segment
				.STACK 100h     ; (default is 1-kilobyte stack)

 00000000			.DATA           ; Begin initialised data segment
 00000000  41			        BYTE  'A'
 00000001  42			        BYTE  'B'
 00000002  43			        BYTE  'C'

 00000000			.CODE           ; Begin code segment
 00000000			_main PROC      ; Main entry point into program
 00000000  00000010 [		    BYTE 16 DUP (90h) ; char array[16] = { 0x90, 0x90..., 0x90};
	    90
	   ]
 00000010  C3			    ret
 00000011			_main ENDP
				END _main       ; Marks the end of the module and sets the program entry point label

				;volume 2 list of instructions
				;http://www.c-jump.com/CIS77/reference/Intel/CIS77_24319102/index.html
				;opcode format documentation
				;http://www.c-jump.com/CIS77/reference/Intel/CIS77_24319102/pg_0042.htm
				;Encoding Real x86 Instructions
				;http://c-jump.com/bcc/c261c/CPU/x86/lecture.html
				;
				;http://www.c-jump.com/CIS77/reference/Intel/CIS77_24319102/pg_0496.htm
				;774B1001   74 0C            JE SHORT ntdll.774B100F
				;00DA1005 >/$ E9 06000000    JMP M07.00DA1010

										   imm8 = 'X'
				;00DC1010     C6 05 0040DC00 58      >MOV BYTE PTR DS:[DC4000],58
							  |  |				      Mod  Reg  R/M
							  |  |_Mod R/M byte:      00   000  101  == 32-Bit Displacement-Only Mode
							  |_opcode

				;00DC1017     C605 0140DC00 59 >MOV BYTE PTR DS:[DC4001],59
				;00DC101E  |. 90               NOP
				;00DC101F  |. 90               NOP
				;00DC1020  \. C3               RETN

				;C6 /0 MOV r/m8, imm8 Move imm8 to r/m8




Microsoft (R) Macro Assembler Version 14.15.26726.0	    10/30/18 09:27:00
ABC.asm							     Symbols 2 - 1




Segments and Groups:

                N a m e                 Size     Length   Align   Combine Class

CONST  . . . . . . . . . . . . .	32 Bit	 00000000 DWord	  Public  'CONST'	 ReadOnly
FLAT . . . . . . . . . . . . . .	GROUP
STACK  . . . . . . . . . . . . .	32 Bit	 00000100 DWord	  Stack	  'STACK'	 
_DATA  . . . . . . . . . . . . .	32 Bit	 00000003 DWord	  Public  'DATA'	
_TEXT  . . . . . . . . . . . . .	32 Bit	 00000011 DWord	  Public  'CODE'	


Procedures, parameters, and locals:

                N a m e                 Type     Value    Attr

_main  . . . . . . . . . . . . .	P Near	 00000000 _TEXT	Length= 00000011 Public


Symbols:

                N a m e                 Type     Value    Attr

@CodeSize  . . . . . . . . . . .	Number	 00000000h   
@DataSize  . . . . . . . . . . .	Number	 00000000h   
@Interface . . . . . . . . . . .	Number	 00000000h   
@Model . . . . . . . . . . . . .	Number	 00000007h   
@code  . . . . . . . . . . . . .	Text   	 _TEXT
@data  . . . . . . . . . . . . .	Text   	 FLAT
@fardata?  . . . . . . . . . . .	Text   	 FLAT
@fardata . . . . . . . . . . . .	Text   	 FLAT
@stack . . . . . . . . . . . . .	Text   	 FLAT

	   0 Warnings
	   0 Errors
